kotlin version: 2.0.21
error message: java.lang.OutOfMemoryError: GC overhead limit exceeded
	at org.jetbrains.kotlin.resolve.calls.inference.model.MutableConstraintStorage.<init>(MutableConstraintStorage.kt:311)
	at org.jetbrains.kotlin.resolve.calls.inference.model.NewConstraintSystemImpl.<init>(NewConstraintSystemImpl.kt:38)
	at org.jetbrains.kotlin.fir.resolve.inference.InferenceComponents.createConstraintSystem(InferenceComponents.kt:42)
	at org.jetbrains.kotlin.fir.resolve.calls.overloads.ConeOverloadConflictResolver.createEmptyConstraintSystem(ConeOverloadConflictResolver.kt:613)
	at org.jetbrains.kotlin.fir.resolve.calls.overloads.ConeOverloadConflictResolver.compareCallsByUsedArguments(ConeOverloadConflictResolver.kt:412)
	at org.jetbrains.kotlin.fir.resolve.calls.overloads.ConeOverloadConflictResolver.isEquallyOrMoreSpecificCallWithArgumentMapping(ConeOverloadConflictResolver.kt:345)
	at org.jetbrains.kotlin.fir.resolve.calls.overloads.ConeOverloadConflictResolver.findMaximallySpecificCall(ConeOverloadConflictResolver.kt:312)
	at org.jetbrains.kotlin.fir.resolve.calls.overloads.ConeOverloadConflictResolver.findMaximallySpecificCall$default(ConeOverloadConflictResolver.kt:297)
	at org.jetbrains.kotlin.fir.resolve.calls.overloads.ConeOverloadConflictResolver.chooseMaximallySpecificCandidates(ConeOverloadConflictResolver.kt:204)
	at org.jetbrains.kotlin.fir.resolve.calls.overloads.ConeOverloadConflictResolver.chooseMaximallySpecificCandidates(ConeOverloadConflictResolver.kt:96)
	at org.jetbrains.kotlin.fir.resolve.calls.overloads.ConeOverloadConflictResolver.chooseMaximallySpecificCandidates(ConeOverloadConflictResolver.kt:67)
	at org.jetbrains.kotlin.fir.resolve.calls.overloads.ConeCompositeConflictResolver.chooseMaximallySpecificCandidates(ConeCompositeConflictResolver.kt:22)
	at org.jetbrains.kotlin.fir.resolve.calls.overloads.ConeCallConflictResolver.chooseMaximallySpecificCandidates(ConeCallConflictResolver.kt:20)
	at org.jetbrains.kotlin.fir.resolve.calls.FirCallResolver.reduceCandidates$chooseMostSpecific(FirCallResolver.kt:222)
	at org.jetbrains.kotlin.fir.resolve.calls.FirCallResolver.reduceCandidates(FirCallResolver.kt:228)
	at org.jetbrains.kotlin.fir.resolve.calls.FirCallResolver.collectCandidates(FirCallResolver.kt:206)
	at org.jetbrains.kotlin.fir.resolve.calls.FirCallResolver.collectCandidates$default(FirCallResolver.kt:170)
	at org.jetbrains.kotlin.fir.resolve.calls.FirCallResolver.resolveCallAndSelectCandidate(FirCallResolver.kt:85)
	at org.jetbrains.kotlin.fir.resolve.transformers.body.resolve.FirExpressionsResolveTransformer.transformFunctionCallInternal$resolve(FirExpressionsResolveTransformer.kt:503)
	at org.jetbrains.kotlin.fir.resolve.transformers.body.resolve.FirExpressionsResolveTransformer.transformFunctionCall(FirExpressionsResolveTransformer.kt:439)
	at org.jetbrains.kotlin.fir.resolve.transformers.body.resolve.FirExpressionsResolveTransformer.transformFunctionCall(FirExpressionsResolveTransformer.kt:55)
	at org.jetbrains.kotlin.fir.expressions.FirFunctionCall.transform(FirFunctionCall.kt:45)
	at org.jetbrains.kotlin.fir.visitors.FirTransformerUtilKt.transformSingle(FirTransformerUtil.kt:13)
	at org.jetbrains.kotlin.fir.resolve.transformers.body.resolve.FirExpressionsResolveTransformer.transformAsExplicitReceiver(FirExpressionsResolveTransformer.kt:251)
	at org.jetbrains.kotlin.fir.resolve.transformers.body.resolve.FirExpressionsResolveTransformer.transformExplicitReceiverOf(FirExpressionsResolveTransformer.kt:236)
	at org.jetbrains.kotlin.fir.resolve.transformers.body.resolve.FirExpressionsResolveTransformer.transformFunctionCallInternal$resolve(FirExpressionsResolveTransformer.kt:493)
	at org.jetbrains.kotlin.fir.resolve.transformers.body.resolve.FirExpressionsResolveTransformer.transformFunctionCall(FirExpressionsResolveTransformer.kt:439)
	at org.jetbrains.kotlin.fir.resolve.transformers.body.resolve.FirAbstractBodyResolveTransformerDispatcher.transformFunctionCall(FirAbstractBodyResolveTransformerDispatcher.kt:164)
	at org.jetbrains.kotlin.fir.resolve.transformers.body.resolve.FirAbstractBodyResolveTransformerDispatcher.transformFunctionCall(FirAbstractBodyResolveTransformerDispatcher.kt:24)
	at org.jetbrains.kotlin.fir.expressions.FirFunctionCall.transform(FirFunctionCall.kt:45)
	at org.jetbrains.kotlin.fir.expressions.FirExpressionUtilKt.transformStatementsIndexed(FirExpressionUtil.kt:198)
	at org.jetbrains.kotlin.fir.resolve.transformers.body.resolve.FirExpressionsResolveTransformer.transformBlockInCurrentScope$resolve(FirExpressionsResolveTransformer.kt:589)


